2023-11-22 02:19:29,305 - test_main - INFO - ROWCOUNT => The count of Source : 311
2023-11-22 02:19:29,852 - test_main - INFO - COLUMN VALIDATION : PASSED, The Column Validation
2023-11-22 02:19:30,806 - test_main - INFO - DUPLICATION : No Duplicates Found
2023-11-22 02:19:31,478 - test_main - INFO - GET QUERY FROM SNOWFLAKE : File Written Successfully
2023-11-22 02:19:31,478 - test_main - INFO - WRITTEN IN SCHEMA CHANGE FOLDER : Schema_change File Written Successfully
